
========================================================================
[1/6] bottle on grouped.json
========================================================================
bottle: 175 train (38 defective), 59 val (13 defective), 58 test
measured defect-pixel rate 1.8681%, output bias initialised to match; batches are 25.0% defective against a natural 21.7%
  epoch   0  loss 3.6406 (focal 2.7069, tversky 0.9336)  val Dice 0.0000  false-alarm 0.0000%  *
  epoch   3  loss 2.0650 (focal 1.2736, tversky 0.7914)  val Dice 0.0062  false-alarm 0.0000%  *
  epoch   4  loss 2.2216 (focal 1.4121, tversky 0.8095)  val Dice 0.1383  false-alarm 0.0069%  *
  epoch   5  loss 2.9854 (focal 2.1334, tversky 0.8520)  val Dice 0.0000  false-alarm 0.0000%
  epoch  10  loss 2.3302 (focal 1.5153, tversky 0.8149)  val Dice 0.0000  false-alarm 0.0000%
  epoch  15  loss 2.0406 (focal 1.2521, tversky 0.7885)  val Dice 0.3351  false-alarm 0.3461%  *
  epoch  20  loss 1.7859 (focal 1.0490, tversky 0.7369)  val Dice 0.3005  false-alarm 0.1603%
  epoch  25  loss 2.2349 (focal 1.4322, tversky 0.8027)  val Dice 0.0000  false-alarm 0.0000%
  epoch  30  loss 1.9800 (focal 1.2015, tversky 0.7784)  val Dice 0.2481  false-alarm 0.0005%
  epoch  33  loss 1.7662 (focal 1.0462, tversky 0.7200)  val Dice 0.4446  false-alarm 0.1820%  *
  epoch  34  loss 1.6451 (focal 0.9467, tversky 0.6984)  val Dice 0.4648  false-alarm 0.1694%  *
  epoch  35  loss 1.8196 (focal 1.1202, tversky 0.6994)  val Dice 0.3365  false-alarm 0.0227%
  epoch  37  loss 1.7026 (focal 1.0126, tversky 0.6900)  val Dice 0.4671  false-alarm 0.0604%  *
  epoch  40  loss 1.5994 (focal 0.9345, tversky 0.6648)  val Dice 0.1891  false-alarm 0.0009%
  epoch  45  loss 1.5629 (focal 0.9042, tversky 0.6587)  val Dice 0.4327  false-alarm 0.0435%
  epoch  50  loss 1.6332 (focal 0.9610, tversky 0.6721)  val Dice 0.3032  false-alarm 0.0040%
  epoch  54  loss 1.5251 (focal 0.8695, tversky 0.6557)  val Dice 0.4679  false-alarm 0.1174%  *
  epoch  55  loss 1.3904 (focal 0.7547, tversky 0.6358)  val Dice 0.4984  false-alarm 0.1158%  *
  epoch  59  loss 1.4299 (focal 0.7951, tversky 0.6348)  val Dice 0.5227  false-alarm 0.0658%  *
  epoch  60  loss 1.3416 (focal 0.7298, tversky 0.6117)  val Dice 0.5434  false-alarm 0.2123%  *
  epoch  62  loss 1.4283 (focal 0.7974, tversky 0.6309)  val Dice 0.5643  false-alarm 0.1010%  *
  epoch  63  loss 1.3237 (focal 0.7259, tversky 0.5978)  val Dice 0.5820  false-alarm 0.2173%  *
  epoch  65  loss 1.3676 (focal 0.7496, tversky 0.6180)  val Dice 0.4486  false-alarm 0.0022%
  epoch  66  loss 1.4474 (focal 0.8234, tversky 0.6240)  val Dice 0.5892  false-alarm 0.0245%  *
  epoch  67  loss 1.3071 (focal 0.7030, tversky 0.6041)  val Dice 0.5948  false-alarm 0.3069%  *
  epoch  70  loss 1.3372 (focal 0.7246, tversky 0.6127)  val Dice 0.5527  false-alarm 0.0189%
  epoch  75  loss 1.2002 (focal 0.6170, tversky 0.5832)  val Dice 0.6192  false-alarm 0.1117%  *
  epoch  76  loss 1.3036 (focal 0.7170, tversky 0.5866)  val Dice 0.6195  false-alarm 0.1966%  *
  epoch  77  loss 1.1967 (focal 0.6146, tversky 0.5821)  val Dice 0.6333  false-alarm 0.2711%  *
  epoch  80  loss 1.2013 (focal 0.6251, tversky 0.5762)  val Dice 0.6134  false-alarm 0.1314%
  epoch  84  loss 1.0919 (focal 0.5476, tversky 0.5443)  val Dice 0.6386  false-alarm 0.1194%  *
  epoch  85  loss 1.2052 (focal 0.6316, tversky 0.5736)  val Dice 0.6235  false-alarm 0.1464%
  epoch  88  loss 1.0839 (focal 0.5313, tversky 0.5527)  val Dice 0.6424  false-alarm 0.1687%  *
  epoch  90  loss 1.2102 (focal 0.6259, tversky 0.5843)  val Dice 0.6419  false-alarm 0.0542%
  epoch  92  loss 1.1430 (focal 0.5919, tversky 0.5511)  val Dice 0.6535  false-alarm 0.0905%  *
  epoch  94  loss 1.1577 (focal 0.6004, tversky 0.5574)  val Dice 0.6567  false-alarm 0.1445%  *
  epoch  95  loss 1.0884 (focal 0.5463, tversky 0.5421)  val Dice 0.6508  false-alarm 0.1314%
  epoch 100  loss 1.0663 (focal 0.5477, tversky 0.5186)  val Dice 0.6590  false-alarm 0.1551%  *
  epoch 105  loss 0.9727 (focal 0.4677, tversky 0.5050)  val Dice 0.6551  false-alarm 0.2292%
  epoch 110  loss 0.9853 (focal 0.4804, tversky 0.5050)  val Dice 0.6525  false-alarm 0.2779%
  epoch 115  loss 0.9896 (focal 0.4801, tversky 0.5096)  val Dice 0.6515  false-alarm 0.3289%
  epoch 119  loss 1.0495 (focal 0.5273, tversky 0.5221)  val Dice 0.6506  false-alarm 0.3436%

best epoch 100, val Dice 0.6590
category / defect                     n      IoU     Dice
---------------------------------------------------------
bottle / broken_small                 6    0.620    0.758
bottle / contamination                6    0.387    0.502
---------------------------------------------------------
bottle (all defects)                 12    0.503    0.630
---------------------------------------------------------
clean images                         46   false-alarm area 0.1853%, 37.0% touched

split digest 952962b398bcdb0d3b359e3fab98feaa20fc06b83913d9a7c2c2d84a162355ab
written to runs\bottle_grouped

elapsed 9.4 min after 1 of 6 runs

========================================================================
[2/6] bottle on random.json
========================================================================
bottle: 175 train (38 defective), 59 val (13 defective), 58 test
measured defect-pixel rate 1.7409%, output bias initialised to match; batches are 25.0% defective against a natural 21.7%
  epoch   0  loss 3.7832 (focal 2.8398, tversky 0.9434)  val Dice 0.0000  false-alarm 0.0000%  *
  epoch   5  loss 2.2528 (focal 1.4292, tversky 0.8236)  val Dice 0.0000  false-alarm 0.0000%
  epoch   6  loss 2.3023 (focal 1.4767, tversky 0.8256)  val Dice 0.0130  false-alarm 0.0002%  *
  epoch   9  loss 2.1796 (focal 1.3644, tversky 0.8153)  val Dice 0.0438  false-alarm 0.0004%  *
  epoch  10  loss 2.2679 (focal 1.4435, tversky 0.8244)  val Dice 0.0000  false-alarm 0.0000%
  epoch  11  loss 2.1838 (focal 1.3702, tversky 0.8135)  val Dice 0.1403  false-alarm 0.0268%  *
  epoch  14  loss 2.1190 (focal 1.3142, tversky 0.8049)  val Dice 0.1770  false-alarm 0.0724%  *
  epoch  15  loss 2.1240 (focal 1.3274, tversky 0.7966)  val Dice 0.1197  false-alarm 0.0028%
  epoch  20  loss 2.0831 (focal 1.2824, tversky 0.8007)  val Dice 0.1925  false-alarm 0.0491%  *
  epoch  22  loss 2.0236 (focal 1.2485, tversky 0.7751)  val Dice 0.2312  false-alarm 0.0211%  *
  epoch  25  loss 2.0750 (focal 1.2943, tversky 0.7808)  val Dice 0.2012  false-alarm 0.0980%
  epoch  30  loss 1.9342 (focal 1.1677, tversky 0.7665)  val Dice 0.2988  false-alarm 0.1850%  *
  epoch  35  loss 2.6583 (focal 1.7711, tversky 0.8873)  val Dice 0.0000  false-alarm 0.0000%
  epoch  40  loss 2.1469 (focal 1.3314, tversky 0.8155)  val Dice 0.0079  false-alarm 0.0000%
  epoch  45  loss 2.1603 (focal 1.3688, tversky 0.7915)  val Dice 0.0722  false-alarm 0.0000%
  epoch  46  loss 1.9593 (focal 1.1826, tversky 0.7767)  val Dice 0.3251  false-alarm 0.6460%  *
  epoch  50  loss 1.8876 (focal 1.1219, tversky 0.7656)  val Dice 0.2415  false-alarm 0.0132%
  epoch  54  loss 1.9480 (focal 1.1976, tversky 0.7505)  val Dice 0.3446  false-alarm 0.0230%  *
  epoch  55  loss 1.8211 (focal 1.0714, tversky 0.7498)  val Dice 0.3523  false-alarm 0.0392%  *
  epoch  57  loss 2.0233 (focal 1.2709, tversky 0.7524)  val Dice 0.3657  false-alarm 0.0529%  *
  epoch  60  loss 1.7552 (focal 1.0506, tversky 0.7046)  val Dice 0.3717  false-alarm 0.0214%  *
  epoch  62  loss 1.7793 (focal 1.0566, tversky 0.7226)  val Dice 0.4208  false-alarm 0.1306%  *
  epoch  63  loss 1.6427 (focal 0.9557, tversky 0.6870)  val Dice 0.4962  false-alarm 0.4909%  *
  epoch  65  loss 1.6535 (focal 0.9530, tversky 0.7005)  val Dice 0.4718  false-alarm 0.4001%
  epoch  70  loss 2.0117 (focal 1.2520, tversky 0.7596)  val Dice 0.1482  false-alarm 0.0000%
  epoch  75  loss 1.5404 (focal 0.8753, tversky 0.6651)  val Dice 0.4654  false-alarm 0.0247%
  epoch  80  loss 1.5848 (focal 0.9402, tversky 0.6447)  val Dice 0.2209  false-alarm 0.0000%
  epoch  85  loss 1.5648 (focal 0.9111, tversky 0.6537)  val Dice 0.3883  false-alarm 0.0039%
  epoch  90  loss 1.5308 (focal 0.8820, tversky 0.6488)  val Dice 0.4576  false-alarm 0.0087%
  epoch  92  loss 1.4922 (focal 0.8664, tversky 0.6258)  val Dice 0.5015  false-alarm 0.0845%  *
  epoch  95  loss 1.3136 (focal 0.7063, tversky 0.6074)  val Dice 0.5018  false-alarm 0.1811%  *
  epoch  97  loss 1.5816 (focal 0.9194, tversky 0.6621)  val Dice 0.5093  false-alarm 0.0572%  *
  epoch 100  loss 1.4974 (focal 0.8595, tversky 0.6380)  val Dice 0.5028  false-alarm 0.0227%
  epoch 105  loss 1.4438 (focal 0.8141, tversky 0.6297)  val Dice 0.4920  false-alarm 0.0272%
  epoch 110  loss 1.3937 (focal 0.7858, tversky 0.6079)  val Dice 0.5025  false-alarm 0.0505%
  epoch 115  loss 1.3046 (focal 0.7093, tversky 0.5953)  val Dice 0.5001  false-alarm 0.0610%
  epoch 119  loss 1.5115 (focal 0.8884, tversky 0.6230)  val Dice 0.4987  false-alarm 0.0553%

best epoch 97, val Dice 0.5093
category / defect                     n      IoU     Dice
---------------------------------------------------------
bottle / broken_large                 5    0.391    0.531
bottle / broken_small                 4    0.510    0.641
bottle / contamination                3    0.233    0.274
---------------------------------------------------------
bottle (all defects)                 12    0.391    0.504
---------------------------------------------------------
clean images                         46   false-alarm area 0.0514%, 21.7% touched

split digest 0b7db125a46af0faa54ac55dac107d912afd2df12c5417366475489b88fa78f1
written to runs\bottle_random

elapsed 18.5 min after 2 of 6 runs

========================================================================
[3/6] carpet on grouped.json
========================================================================
carpet: 238 train (53 defective), 80 val (18 defective), 79 test
measured defect-pixel rate 0.3718%, output bias initialised to match; batches are 25.0% defective against a natural 22.3%
  epoch   0  loss 4.4565 (focal 3.5509, tversky 0.9056)  val Dice 0.0000  false-alarm 0.0000%  *
  epoch   1  loss 3.0760 (focal 2.2822, tversky 0.7938)  val Dice 0.2323  false-alarm 0.1734%  *
  epoch   3  loss 2.4097 (focal 1.6738, tversky 0.7359)  val Dice 0.4104  false-alarm 0.0123%  *
  epoch   4  loss 2.2535 (focal 1.5542, tversky 0.6993)  val Dice 0.4992  false-alarm 0.1083%  *
  epoch   5  loss 1.9701 (focal 1.3111, tversky 0.6590)  val Dice 0.2934  false-alarm 0.0001%
  epoch   6  loss 2.1831 (focal 1.4761, tversky 0.7070)  val Dice 0.5184  false-alarm 0.0214%  *
  epoch   7  loss 1.7175 (focal 1.0899, tversky 0.6276)  val Dice 0.5462  false-alarm 0.0477%  *
  epoch  10  loss 1.4417 (focal 0.8169, tversky 0.6247)  val Dice 0.5350  false-alarm 0.0095%
  epoch  15  loss 2.1256 (focal 1.4108, tversky 0.7148)  val Dice 0.2963  false-alarm 0.0036%
  epoch  16  loss 1.6341 (focal 0.9820, tversky 0.6521)  val Dice 0.5668  false-alarm 0.0408%  *
  epoch  19  loss 1.2458 (focal 0.6580, tversky 0.5878)  val Dice 0.5847  false-alarm 0.0138%  *
  epoch  20  loss 1.5436 (focal 0.9122, tversky 0.6314)  val Dice 0.6006  false-alarm 0.0194%  *
  epoch  23  loss 1.3076 (focal 0.7286, tversky 0.5790)  val Dice 0.6321  false-alarm 0.0402%  *
  epoch  25  loss 1.3214 (focal 0.7219, tversky 0.5995)  val Dice 0.6094  false-alarm 0.0102%
  epoch  26  loss 1.3635 (focal 0.7624, tversky 0.6011)  val Dice 0.6492  false-alarm 0.0430%  *
  epoch  30  loss 1.2047 (focal 0.6292, tversky 0.5755)  val Dice 0.6417  false-alarm 0.0094%
  epoch  35  loss 1.1382 (focal 0.5592, tversky 0.5790)  val Dice 0.6642  false-alarm 0.0271%  *
  epoch  36  loss 1.3187 (focal 0.7317, tversky 0.5869)  val Dice 0.6670  false-alarm 0.0226%  *
  epoch  40  loss 1.2554 (focal 0.6757, tversky 0.5796)  val Dice 0.5784  false-alarm 0.0076%
  epoch  45  loss 1.1825 (focal 0.6302, tversky 0.5523)  val Dice 0.6430  false-alarm 0.0052%
  epoch  46  loss 1.1461 (focal 0.5951, tversky 0.5510)  val Dice 0.6719  false-alarm 0.0141%  *
  epoch  49  loss 1.1978 (focal 0.6349, tversky 0.5629)  val Dice 0.6819  false-alarm 0.0230%  *
  epoch  50  loss 1.1149 (focal 0.5994, tversky 0.5156)  val Dice 0.6267  false-alarm 0.0020%
  epoch  53  loss 1.0988 (focal 0.5776, tversky 0.5212)  val Dice 0.7027  false-alarm 0.0135%  *
  epoch  55  loss 1.1065 (focal 0.5941, tversky 0.5123)  val Dice 0.5962  false-alarm 0.0052%
  epoch  60  loss 1.0435 (focal 0.5237, tversky 0.5198)  val Dice 0.6739  false-alarm 0.0152%
  epoch  65  loss 1.0193 (focal 0.5306, tversky 0.4887)  val Dice 0.4305  false-alarm 0.0009%
  epoch  68  loss 0.9047 (focal 0.4630, tversky 0.4417)  val Dice 0.7231  false-alarm 0.0126%  *
  epoch  70  loss 1.0197 (focal 0.5152, tversky 0.5045)  val Dice 0.6212  false-alarm 0.0050%
  epoch  75  loss 1.1179 (focal 0.6076, tversky 0.5103)  val Dice 0.7100  false-alarm 0.0106%
  epoch  80  loss 1.0755 (focal 0.5910, tversky 0.4845)  val Dice 0.6929  false-alarm 0.0023%
  epoch  85  loss 0.9511 (focal 0.5043, tversky 0.4468)  val Dice 0.6194  false-alarm 0.0046%
  epoch  90  loss 0.8682 (focal 0.4335, tversky 0.4346)  val Dice 0.6743  false-alarm 0.0069%
  epoch  95  loss 0.8604 (focal 0.4385, tversky 0.4219)  val Dice 0.6277  false-alarm 0.0022%
  epoch  98  loss 0.7974 (focal 0.3883, tversky 0.4091)  val Dice 0.7077  false-alarm 0.0058%
  stopping at epoch 98, no improvement for 30

best epoch 68, val Dice 0.7231
category / defect                     n      IoU     Dice
---------------------------------------------------------
carpet / color                        1    0.419    0.590
carpet / cut                          6    0.611    0.756
carpet / hole                         5    0.601    0.748
carpet / metal_contamination          1    0.516    0.681
carpet / thread                       5    0.447    0.605
---------------------------------------------------------
carpet (all defects)                 18    0.546    0.698
---------------------------------------------------------
clean images                         61   false-alarm area 0.0131%, 11.5% touched

split digest 952962b398bcdb0d3b359e3fab98feaa20fc06b83913d9a7c2c2d84a162355ab
written to runs\carpet_grouped

elapsed 29.5 min after 3 of 6 runs

========================================================================
[4/6] carpet on random.json
========================================================================
carpet: 238 train (53 defective), 80 val (18 defective), 79 test
measured defect-pixel rate 0.5280%, output bias initialised to match; batches are 25.0% defective against a natural 22.3%
  epoch   0  loss 3.5164 (focal 2.6851, tversky 0.8313)  val Dice 0.3445  false-alarm 0.0128%  *
  epoch   4  loss 1.8523 (focal 1.1719, tversky 0.6805)  val Dice 0.5530  false-alarm 0.0336%  *
  epoch   5  loss 1.8753 (focal 1.1789, tversky 0.6963)  val Dice 0.2849  false-alarm 0.0000%
  epoch   8  loss 1.4505 (focal 0.8205, tversky 0.6301)  val Dice 0.5753  false-alarm 0.0228%  *
  epoch   9  loss 1.4230 (focal 0.8153, tversky 0.6078)  val Dice 0.5815  false-alarm 0.0007%  *
  epoch  10  loss 1.4132 (focal 0.8002, tversky 0.6129)  val Dice 0.5560  false-alarm 0.0013%
  epoch  15  loss 1.3817 (focal 0.7682, tversky 0.6136)  val Dice 0.5497  false-alarm 0.0000%
  epoch  16  loss 1.3229 (focal 0.6999, tversky 0.6230)  val Dice 0.6008  false-alarm 0.0000%  *
  epoch  18  loss 1.1308 (focal 0.5289, tversky 0.6019)  val Dice 0.6101  false-alarm 0.0000%  *
  epoch  19  loss 1.1663 (focal 0.5928, tversky 0.5735)  val Dice 0.6198  false-alarm 0.0089%  *
  epoch  20  loss 1.2949 (focal 0.7232, tversky 0.5717)  val Dice 0.4384  false-alarm 0.0000%
  epoch  21  loss 1.2815 (focal 0.6693, tversky 0.6123)  val Dice 0.6204  false-alarm 0.0000%  *
  epoch  25  loss 1.2323 (focal 0.6248, tversky 0.6075)  val Dice 0.6282  false-alarm 0.0008%  *
  epoch  26  loss 1.1740 (focal 0.6077, tversky 0.5663)  val Dice 0.6487  false-alarm 0.0007%  *
  epoch  27  loss 1.2697 (focal 0.6661, tversky 0.6036)  val Dice 0.6582  false-alarm 0.0000%  *
  epoch  30  loss 1.1146 (focal 0.5289, tversky 0.5857)  val Dice 0.5977  false-alarm 0.0000%
  epoch  35  loss 1.1883 (focal 0.5917, tversky 0.5966)  val Dice 0.6145  false-alarm 0.0010%
  epoch  38  loss 1.0300 (focal 0.4839, tversky 0.5461)  val Dice 0.6732  false-alarm 0.0004%  *
  epoch  40  loss 1.0935 (focal 0.5340, tversky 0.5595)  val Dice 0.6545  false-alarm 0.0003%
  epoch  45  loss 1.0198 (focal 0.4829, tversky 0.5369)  val Dice 0.6284  false-alarm 0.0000%
  epoch  50  loss 1.1487 (focal 0.6009, tversky 0.5479)  val Dice 0.6366  false-alarm 0.0000%
  epoch  53  loss 1.0843 (focal 0.5544, tversky 0.5299)  val Dice 0.6744  false-alarm 0.0004%  *
  epoch  54  loss 0.9401 (focal 0.4330, tversky 0.5072)  val Dice 0.6810  false-alarm 0.0003%  *
  epoch  55  loss 0.9113 (focal 0.4136, tversky 0.4977)  val Dice 0.6546  false-alarm 0.0021%
  epoch  58  loss 1.0614 (focal 0.5438, tversky 0.5176)  val Dice 0.6943  false-alarm 0.0006%  *
  epoch  60  loss 0.9770 (focal 0.4673, tversky 0.5096)  val Dice 0.6910  false-alarm 0.0019%
  epoch  61  loss 1.1568 (focal 0.6311, tversky 0.5256)  val Dice 0.6948  false-alarm 0.0011%  *
  epoch  63  loss 0.8989 (focal 0.4139, tversky 0.4850)  val Dice 0.6990  false-alarm 0.0011%  *
  epoch  65  loss 0.9354 (focal 0.4369, tversky 0.4984)  val Dice 0.6956  false-alarm 0.0006%
  epoch  70  loss 0.8718 (focal 0.4173, tversky 0.4545)  val Dice 0.6685  false-alarm 0.0000%
  epoch  75  loss 1.0752 (focal 0.5786, tversky 0.4966)  val Dice 0.7060  false-alarm 0.0030%  *
  epoch  80  loss 0.8724 (focal 0.4267, tversky 0.4457)  val Dice 0.6871  false-alarm 0.0027%
  epoch  82  loss 0.8307 (focal 0.4004, tversky 0.4303)  val Dice 0.7174  false-alarm 0.0022%  *
  epoch  83  loss 0.8846 (focal 0.4482, tversky 0.4365)  val Dice 0.7217  false-alarm 0.0015%  *
  epoch  85  loss 0.8216 (focal 0.3921, tversky 0.4295)  val Dice 0.7092  false-alarm 0.0006%
  epoch  88  loss 0.8607 (focal 0.4464, tversky 0.4143)  val Dice 0.7227  false-alarm 0.0011%  *
  epoch  90  loss 0.8228 (focal 0.3966, tversky 0.4262)  val Dice 0.7169  false-alarm 0.0009%
  epoch  95  loss 0.7839 (focal 0.3862, tversky 0.3977)  val Dice 0.7031  false-alarm 0.0010%
  epoch  98  loss 0.8023 (focal 0.3764, tversky 0.4259)  val Dice 0.7258  false-alarm 0.0020%  *
  epoch 100  loss 0.7138 (focal 0.3216, tversky 0.3922)  val Dice 0.7176  false-alarm 0.0017%
  epoch 105  loss 0.8300 (focal 0.4035, tversky 0.4265)  val Dice 0.7170  false-alarm 0.0018%
  epoch 110  loss 0.7837 (focal 0.3667, tversky 0.4169)  val Dice 0.7192  false-alarm 0.0019%
  epoch 115  loss 0.7991 (focal 0.4010, tversky 0.3981)  val Dice 0.7121  false-alarm 0.0015%
  epoch 119  loss 0.7577 (focal 0.3519, tversky 0.4057)  val Dice 0.7137  false-alarm 0.0016%

best epoch 98, val Dice 0.7258
category / defect                     n      IoU     Dice
---------------------------------------------------------
carpet / color                        5    0.772    0.869
carpet / cut                          2    0.682    0.810
carpet / hole                         4    0.726    0.841
carpet / metal_contamination          4    0.577    0.731
carpet / thread                       3    0.551    0.709
---------------------------------------------------------
carpet (all defects)                 18    0.672    0.799
---------------------------------------------------------
clean images                         61   false-alarm area 0.0087%, 8.2% touched

split digest 0b7db125a46af0faa54ac55dac107d912afd2df12c5417366475489b88fa78f1
written to runs\carpet_random

elapsed 42.8 min after 4 of 6 runs

========================================================================
[5/6] hazelnut on grouped.json
========================================================================
hazelnut: 301 train (42 defective), 100 val (14 defective), 100 test
measured defect-pixel rate 0.6604%, output bias initialised to match; batches are 25.0% defective against a natural 14.0%
  epoch   0  loss 2.7252 (focal 1.9856, tversky 0.7396)  val Dice 0.2472  false-alarm 0.0006%  *
  epoch   1  loss 1.8417 (focal 1.2047, tversky 0.6370)  val Dice 0.5534  false-alarm 0.0098%  *
  epoch   3  loss 1.7276 (focal 1.1053, tversky 0.6223)  val Dice 0.6378  false-alarm 0.0055%  *
  epoch   4  loss 1.3835 (focal 0.8102, tversky 0.5733)  val Dice 0.7247  false-alarm 0.0487%  *
  epoch   5  loss 1.5686 (focal 0.9721, tversky 0.5965)  val Dice 0.6965  false-alarm 0.0213%
  epoch   6  loss 1.3872 (focal 0.8194, tversky 0.5678)  val Dice 0.7450  false-alarm 0.0634%  *
  epoch  10  loss 1.5364 (focal 0.9304, tversky 0.6060)  val Dice 0.7817  false-alarm 0.1720%  *
  epoch  15  loss 1.2242 (focal 0.7162, tversky 0.5080)  val Dice 0.7386  false-alarm 0.0878%
  epoch  17  loss 1.4133 (focal 0.8639, tversky 0.5494)  val Dice 0.7822  false-alarm 0.0985%  *
  epoch  20  loss 1.2507 (focal 0.7442, tversky 0.5065)  val Dice 0.7875  false-alarm 0.0215%  *
  epoch  25  loss 1.2819 (focal 0.7375, tversky 0.5444)  val Dice 0.7293  false-alarm 0.0451%
  epoch  27  loss 1.1597 (focal 0.6801, tversky 0.4796)  val Dice 0.8249  false-alarm 0.0468%  *
  epoch  30  loss 1.2072 (focal 0.7331, tversky 0.4741)  val Dice 0.7890  false-alarm 0.0319%
  epoch  35  loss 1.1465 (focal 0.6715, tversky 0.4751)  val Dice 0.7198  false-alarm 0.0091%
  epoch  40  loss 0.9754 (focal 0.5375, tversky 0.4379)  val Dice 0.7624  false-alarm 0.0254%
  epoch  45  loss 0.9385 (focal 0.5395, tversky 0.3990)  val Dice 0.8202  false-alarm 0.1046%
  epoch  46  loss 0.8180 (focal 0.4303, tversky 0.3877)  val Dice 0.8427  false-alarm 0.0057%  *
  epoch  50  loss 0.8376 (focal 0.4587, tversky 0.3789)  val Dice 0.8026  false-alarm 0.0593%
  epoch  55  loss 0.8309 (focal 0.4841, tversky 0.3468)  val Dice 0.8316  false-alarm 0.0502%
  epoch  59  loss 0.7079 (focal 0.3888, tversky 0.3191)  val Dice 0.8505  false-alarm 0.0054%  *
  epoch  60  loss 0.7469 (focal 0.4140, tversky 0.3329)  val Dice 0.8483  false-alarm 0.0351%
  epoch  65  loss 0.6555 (focal 0.3557, tversky 0.2998)  val Dice 0.8462  false-alarm 0.0077%
  epoch  70  loss 0.6278 (focal 0.3417, tversky 0.2861)  val Dice 0.8382  false-alarm 0.0315%
  epoch  72  loss 0.6075 (focal 0.3331, tversky 0.2743)  val Dice 0.8547  false-alarm 0.0078%  *
  epoch  75  loss 0.5977 (focal 0.3230, tversky 0.2747)  val Dice 0.8383  false-alarm 0.0066%
  epoch  78  loss 0.5629 (focal 0.2972, tversky 0.2657)  val Dice 0.8585  false-alarm 0.0135%  *
  epoch  79  loss 0.5636 (focal 0.2969, tversky 0.2667)  val Dice 0.8636  false-alarm 0.0074%  *
  epoch  80  loss 0.5824 (focal 0.3135, tversky 0.2689)  val Dice 0.8381  false-alarm 0.0146%
  epoch  85  loss 0.5537 (focal 0.3090, tversky 0.2447)  val Dice 0.8495  false-alarm 0.0049%
  epoch  90  loss 0.5026 (focal 0.2701, tversky 0.2325)  val Dice 0.8469  false-alarm 0.0051%
  epoch  95  loss 0.4781 (focal 0.2490, tversky 0.2291)  val Dice 0.8469  false-alarm 0.0106%
  epoch 100  loss 0.4908 (focal 0.2723, tversky 0.2185)  val Dice 0.8494  false-alarm 0.0062%
  epoch 105  loss 0.4086 (focal 0.2029, tversky 0.2056)  val Dice 0.8548  false-alarm 0.0059%
  epoch 109  loss 0.4776 (focal 0.2580, tversky 0.2196)  val Dice 0.8462  false-alarm 0.0049%
  stopping at epoch 109, no improvement for 30

best epoch 79, val Dice 0.8636
category / defect                     n      IoU     Dice
---------------------------------------------------------
hazelnut / cut                        6    0.822    0.900
hazelnut / hole                       5    0.764    0.858
hazelnut / print                      3    0.792    0.883
---------------------------------------------------------
hazelnut (all defects)               14    0.795    0.882
---------------------------------------------------------
clean images                         86   false-alarm area 0.0212%, 40.7% touched

split digest 952962b398bcdb0d3b359e3fab98feaa20fc06b83913d9a7c2c2d84a162355ab
written to runs\hazelnut_grouped

elapsed 59.3 min after 5 of 6 runs

========================================================================
[6/6] hazelnut on random.json
========================================================================
hazelnut: 301 train (42 defective), 100 val (14 defective), 100 test
measured defect-pixel rate 0.4093%, output bias initialised to match; batches are 25.0% defective against a natural 14.0%
  epoch   0  loss 2.4916 (focal 1.7859, tversky 0.7057)  val Dice 0.4924  false-alarm 0.0074%  *
  epoch   2  loss 1.8247 (focal 1.1883, tversky 0.6364)  val Dice 0.6360  false-alarm 0.1316%  *
  epoch   4  loss 1.4002 (focal 0.8481, tversky 0.5520)  val Dice 0.7042  false-alarm 0.0585%  *
  epoch   5  loss 1.3345 (focal 0.8014, tversky 0.5330)  val Dice 0.6800  false-alarm 0.0258%
  epoch  10  loss 1.3316 (focal 0.7992, tversky 0.5323)  val Dice 0.6986  false-alarm 0.0429%
  epoch  12  loss 1.2734 (focal 0.7604, tversky 0.5131)  val Dice 0.7227  false-alarm 0.0612%  *
  epoch  14  loss 1.2604 (focal 0.7634, tversky 0.4969)  val Dice 0.7320  false-alarm 0.0604%  *
  epoch  15  loss 1.2216 (focal 0.7399, tversky 0.4817)  val Dice 0.6916  false-alarm 0.0042%
  epoch  18  loss 1.1930 (focal 0.7234, tversky 0.4697)  val Dice 0.7320  false-alarm 0.0433%  *
  epoch  19  loss 1.1792 (focal 0.6905, tversky 0.4888)  val Dice 0.7528  false-alarm 0.0257%  *
  epoch  20  loss 1.2149 (focal 0.7422, tversky 0.4727)  val Dice 0.7255  false-alarm 0.0053%
  epoch  25  loss 1.0131 (focal 0.5989, tversky 0.4141)  val Dice 0.7095  false-alarm 0.0673%
  epoch  27  loss 1.1333 (focal 0.6783, tversky 0.4551)  val Dice 0.7633  false-alarm 0.0061%  *
  epoch  30  loss 1.1775 (focal 0.7228, tversky 0.4547)  val Dice 0.7498  false-alarm 0.0076%
  epoch  32  loss 1.0361 (focal 0.6171, tversky 0.4190)  val Dice 0.7660  false-alarm 0.0239%  *
  epoch  35  loss 1.1681 (focal 0.7162, tversky 0.4519)  val Dice 0.7633  false-alarm 0.0170%
  epoch  37  loss 1.0794 (focal 0.6493, tversky 0.4301)  val Dice 0.7709  false-alarm 0.0144%  *
  epoch  40  loss 1.0004 (focal 0.5755, tversky 0.4249)  val Dice 0.7797  false-alarm 0.0050%  *
  epoch  44  loss 0.9660 (focal 0.5750, tversky 0.3909)  val Dice 0.7864  false-alarm 0.0058%  *
  epoch  45  loss 0.9443 (focal 0.5746, tversky 0.3697)  val Dice 0.7406  false-alarm 0.0013%
  epoch  50  loss 0.8358 (focal 0.4686, tversky 0.3672)  val Dice 0.7886  false-alarm 0.0057%  *
  epoch  55  loss 0.8645 (focal 0.4898, tversky 0.3746)  val Dice 0.7813  false-alarm 0.0070%
  epoch  60  loss 0.8320 (focal 0.5029, tversky 0.3290)  val Dice 0.7420  false-alarm 0.0178%
  epoch  61  loss 0.7315 (focal 0.4215, tversky 0.3100)  val Dice 0.7893  false-alarm 0.0062%  *
  epoch  62  loss 0.7590 (focal 0.4434, tversky 0.3156)  val Dice 0.7899  false-alarm 0.0066%  *
  epoch  63  loss 0.7531 (focal 0.4391, tversky 0.3141)  val Dice 0.8003  false-alarm 0.0141%  *
  epoch  65  loss 0.7705 (focal 0.4519, tversky 0.3186)  val Dice 0.7742  false-alarm 0.0305%
  epoch  70  loss 0.6578 (focal 0.3856, tversky 0.2722)  val Dice 0.7957  false-alarm 0.0036%
  epoch  71  loss 0.7095 (focal 0.4185, tversky 0.2910)  val Dice 0.8142  false-alarm 0.0032%  *
  epoch  75  loss 0.6916 (focal 0.3961, tversky 0.2955)  val Dice 0.7936  false-alarm 0.0229%
  epoch  77  loss 0.6295 (focal 0.3672, tversky 0.2623)  val Dice 0.8150  false-alarm 0.0006%  *
  epoch  78  loss 0.6346 (focal 0.3649, tversky 0.2697)  val Dice 0.8232  false-alarm 0.0026%  *
  epoch  80  loss 0.6435 (focal 0.3591, tversky 0.2843)  val Dice 0.8130  false-alarm 0.0040%
  epoch  85  loss 0.6436 (focal 0.3707, tversky 0.2729)  val Dice 0.8139  false-alarm 0.0139%
  epoch  87  loss 0.5751 (focal 0.3283, tversky 0.2468)  val Dice 0.8283  false-alarm 0.0079%  *
  epoch  89  loss 0.6278 (focal 0.3747, tversky 0.2532)  val Dice 0.8286  false-alarm 0.0075%  *
  epoch  90  loss 0.5749 (focal 0.3343, tversky 0.2406)  val Dice 0.8310  false-alarm 0.0014%  *
  epoch  91  loss 0.6274 (focal 0.3753, tversky 0.2521)  val Dice 0.8373  false-alarm 0.0013%  *
  epoch  93  loss 0.5294 (focal 0.2849, tversky 0.2444)  val Dice 0.8398  false-alarm 0.0009%  *
  epoch  95  loss 0.5596 (focal 0.3167, tversky 0.2430)  val Dice 0.8359  false-alarm 0.0099%
  epoch  96  loss 0.5543 (focal 0.3150, tversky 0.2393)  val Dice 0.8404  false-alarm 0.0058%  *
  epoch  99  loss 0.5191 (focal 0.2864, tversky 0.2328)  val Dice 0.8410  false-alarm 0.0176%  *
  epoch 100  loss 0.5506 (focal 0.3158, tversky 0.2349)  val Dice 0.8354  false-alarm 0.0161%
  epoch 101  loss 0.5255 (focal 0.2979, tversky 0.2276)  val Dice 0.8436  false-alarm 0.0068%  *
  epoch 105  loss 0.5138 (focal 0.2949, tversky 0.2189)  val Dice 0.8409  false-alarm 0.0159%
  epoch 109  loss 0.5433 (focal 0.3162, tversky 0.2271)  val Dice 0.8452  false-alarm 0.0145%  *
  epoch 110  loss 0.4996 (focal 0.2728, tversky 0.2269)  val Dice 0.8465  false-alarm 0.0110%  *
  epoch 115  loss 0.5075 (focal 0.2771, tversky 0.2304)  val Dice 0.8457  false-alarm 0.0054%
  epoch 119  loss 0.5057 (focal 0.2820, tversky 0.2237)  val Dice 0.8455  false-alarm 0.0054%

best epoch 110, val Dice 0.8465
category / defect                     n      IoU     Dice
---------------------------------------------------------
hazelnut / crack                      3    0.757    0.853
hazelnut / cut                        2    0.659    0.777
hazelnut / hole                       5    0.823    0.900
hazelnut / print                      4    0.758    0.860
---------------------------------------------------------
hazelnut (all defects)               14    0.767    0.861
---------------------------------------------------------
clean images                         86   false-alarm area 0.0048%, 10.5% touched

split digest 0b7db125a46af0faa54ac55dac107d912afd2df12c5417366475489b88fa78f1
written to runs\hazelnut_random

elapsed 76.7 min after 6 of 6 runs

========================================================================
THE SPLIT DELTA
========================================================================
category      grouped IoU  random IoU    delta    grouped Dice  random Dice    delta
------------------------------------------------------------------------------------
bottle              0.503       0.391   -0.112           0.630        0.504   -0.126
carpet              0.546       0.672   +0.125           0.698        0.799   +0.101
hazelnut            0.795       0.767   -0.028           0.882        0.861   -0.021
------------------------------------------------------------------------------------
A positive delta means the random split scored higher. The two columns are not
measured on the same images: each split has its own test set, and the random one
contains components the model saw in training. That gap is what a naive
evaluation would have reported as model quality.

written to runs\matrix.json
