scored bottle val (59 images) -> runs\quant\scores\fp32\bottle_val.json
scored bottle test (58 images) -> runs\quant\scores\fp32\bottle_test.json
scored carpet val (80 images) -> runs\quant\scores\fp32\carpet_val.json
scored carpet test (79 images) -> runs\quant\scores\fp32\carpet_test.json
scored hazelnut val (100 images) -> runs\quant\scores\fp32\hazelnut_val.json
scored hazelnut test (100 images) -> runs\quant\scores\fp32\hazelnut_test.json
scored holdout_cut val (94 images) -> runs\quant\scores\fp32\holdout_cut_val.json
scored holdout_cut test (111 images) -> runs\quant\scores\fp32\holdout_cut_test.json
scored holdout_hole val (75 images) -> runs\quant\scores\fp32\holdout_hole_val.json
scored holdout_hole test (91 images) -> runs\quant\scores\fp32\holdout_hole_test.json
scored bottle val (59 images) -> runs\quant\scores\int8\bottle_val.json
scored bottle test (58 images) -> runs\quant\scores\int8\bottle_test.json
scored carpet val (80 images) -> runs\quant\scores\int8\carpet_val.json
scored carpet test (79 images) -> runs\quant\scores\int8\carpet_test.json
scored hazelnut val (100 images) -> runs\quant\scores\int8\hazelnut_val.json
scored hazelnut test (100 images) -> runs\quant\scores\int8\hazelnut_test.json
scored holdout_cut val (94 images) -> runs\quant\scores\int8\holdout_cut_val.json
scored holdout_cut test (111 images) -> runs\quant\scores\int8\holdout_cut_test.json
scored holdout_hole val (75 images) -> runs\quant\scores\int8\holdout_hole_val.json
scored holdout_hole test (91 images) -> runs\quant\scores\int8\holdout_hole_test.json
